// Jest Snapshot v1, https://goo.gl/fbAQLP

exports[`should render <Map/> 1`] = `
<section
  className="cities__map map"
/>
`;
