// Jest Snapshot v1, https://goo.gl/fbAQLP

exports[`Should render <OfferMainList/> 1`] = `
<div
  className="cities__places-list places__list tabs__content"
>
  <article
    className="cities__place-card place-card"
    onMouseEnter={[Function]}
    onMouseLeave={[Function]}
  >
    
    <div
      className="cities__place-card__image-wrapper place-card__image-wrapper"
    >
      <a
        href="#"
      >
        <img
          alt="Beautiful & luxurious studio at great location - 1"
          className="place-card__image"
          height="200"
          src="img/apartment-02.jpg"
          width="260"
        />
      </a>
    </div>
    <div
      className="place-card__info"
    >
      <div
        className="place-card__price-wrapper"
      >
        <div
          className="place-card__price"
        >
          <b
            className="place-card__price-value"
          >
            €
            120
          </b>
          <span
            className="place-card__price-text"
          >
            / night
          </span>
        </div>
        <button
          className="place-card__bookmark-button button "
          type="button"
        >
          <svg
            className="place-card__bookmark-icon"
            height="19"
            width="18"
          >
            <use
              xlinkHref="#icon-bookmark"
            />
          </svg>
          <span
            className="visually-hidden"
          >
            To bookmarks
          </span>
        </button>
      </div>
      <div
        className="place-card__rating rating"
      >
        <div
          className="place-card__stars rating__stars"
        >
          <span
            style={
              Object {
                "width": "96%",
              }
            }
          />
          <span
            className="visually-hidden"
          >
            Rating
          </span>
        </div>
      </div>
      <h2
        className="place-card__name"
      >
        <a
          href="#"
          onClick={[Function]}
        >
          Beautiful & luxurious studio at great location - 1
        </a>
      </h2>
      <p
        className="place-card__type"
      >
        apartment
      </p>
    </div>
  </article>
  <article
    className="cities__place-card place-card"
    onMouseEnter={[Function]}
    onMouseLeave={[Function]}
  >
    
    <div
      className="cities__place-card__image-wrapper place-card__image-wrapper"
    >
      <a
        href="#"
      >
        <img
          alt="Beautiful & luxurious studio at great location - 2"
          className="place-card__image"
          height="200"
          src="img/apartment-03.jpg"
          width="260"
        />
      </a>
    </div>
    <div
      className="place-card__info"
    >
      <div
        className="place-card__price-wrapper"
      >
        <div
          className="place-card__price"
        >
          <b
            className="place-card__price-value"
          >
            €
            350
          </b>
          <span
            className="place-card__price-text"
          >
            / night
          </span>
        </div>
        <button
          className="place-card__bookmark-button button place-card__bookmark-button--active"
          type="button"
        >
          <svg
            className="place-card__bookmark-icon"
            height="19"
            width="18"
          >
            <use
              xlinkHref="#icon-bookmark"
            />
          </svg>
          <span
            className="visually-hidden"
          >
            To bookmarks
          </span>
        </button>
      </div>
      <div
        className="place-card__rating rating"
      >
        <div
          className="place-card__stars rating__stars"
        >
          <span
            style={
              Object {
                "width": "60%",
              }
            }
          />
          <span
            className="visually-hidden"
          >
            Rating
          </span>
        </div>
      </div>
      <h2
        className="place-card__name"
      >
        <a
          href="#"
          onClick={[Function]}
        >
          Beautiful & luxurious studio at great location - 2
        </a>
      </h2>
      <p
        className="place-card__type"
      >
        apartment
      </p>
    </div>
  </article>
  <article
    className="cities__place-card place-card"
    onMouseEnter={[Function]}
    onMouseLeave={[Function]}
  >
    <div
      className="place-card__mark"
    >
      <span>
        Premium
      </span>
    </div>
    <div
      className="cities__place-card__image-wrapper place-card__image-wrapper"
    >
      <a
        href="#"
      >
        <img
          alt="Beautiful & luxurious studio at great location - 3"
          className="place-card__image"
          height="200"
          src="img/apartment-01.jpg"
          width="260"
        />
      </a>
    </div>
    <div
      className="place-card__info"
    >
      <div
        className="place-card__price-wrapper"
      >
        <div
          className="place-card__price"
        >
          <b
            className="place-card__price-value"
          >
            €
            200
          </b>
          <span
            className="place-card__price-text"
          >
            / night
          </span>
        </div>
        <button
          className="place-card__bookmark-button button place-card__bookmark-button--active"
          type="button"
        >
          <svg
            className="place-card__bookmark-icon"
            height="19"
            width="18"
          >
            <use
              xlinkHref="#icon-bookmark"
            />
          </svg>
          <span
            className="visually-hidden"
          >
            To bookmarks
          </span>
        </button>
      </div>
      <div
        className="place-card__rating rating"
      >
        <div
          className="place-card__stars rating__stars"
        >
          <span
            style={
              Object {
                "width": "100%",
              }
            }
          />
          <span
            className="visually-hidden"
          >
            Rating
          </span>
        </div>
      </div>
      <h2
        className="place-card__name"
      >
        <a
          href="#"
          onClick={[Function]}
        >
          Beautiful & luxurious studio at great location - 3
        </a>
      </h2>
      <p
        className="place-card__type"
      >
        apartment
      </p>
    </div>
  </article>
  <article
    className="cities__place-card place-card"
    onMouseEnter={[Function]}
    onMouseLeave={[Function]}
  >
    
    <div
      className="cities__place-card__image-wrapper place-card__image-wrapper"
    >
      <a
        href="#"
      >
        <img
          alt="Beautiful & luxurious studio at great location - 4"
          className="place-card__image"
          height="200"
          src="img/room.jpg"
          width="260"
        />
      </a>
    </div>
    <div
      className="place-card__info"
    >
      <div
        className="place-card__price-wrapper"
      >
        <div
          className="place-card__price"
        >
          <b
            className="place-card__price-value"
          >
            €
            700
          </b>
          <span
            className="place-card__price-text"
          >
            / night
          </span>
        </div>
        <button
          className="place-card__bookmark-button button place-card__bookmark-button--active"
          type="button"
        >
          <svg
            className="place-card__bookmark-icon"
            height="19"
            width="18"
          >
            <use
              xlinkHref="#icon-bookmark"
            />
          </svg>
          <span
            className="visually-hidden"
          >
            To bookmarks
          </span>
        </button>
      </div>
      <div
        className="place-card__rating rating"
      >
        <div
          className="place-card__stars rating__stars"
        >
          <span
            style={
              Object {
                "width": "100%",
              }
            }
          />
          <span
            className="visually-hidden"
          >
            Rating
          </span>
        </div>
      </div>
      <h2
        className="place-card__name"
      >
        <a
          href="#"
          onClick={[Function]}
        >
          Beautiful & luxurious studio at great location - 4
        </a>
      </h2>
      <p
        className="place-card__type"
      >
        apartment
      </p>
    </div>
  </article>
  <article
    className="cities__place-card place-card"
    onMouseEnter={[Function]}
    onMouseLeave={[Function]}
  >
    
    <div
      className="cities__place-card__image-wrapper place-card__image-wrapper"
    >
      <a
        href="#"
      >
        <img
          alt="Beautiful & luxurious studio at great location - 5"
          className="place-card__image"
          height="200"
          src="img/apartment-02.jpg"
          width="260"
        />
      </a>
    </div>
    <div
      className="place-card__info"
    >
      <div
        className="place-card__price-wrapper"
      >
        <div
          className="place-card__price"
        >
          <b
            className="place-card__price-value"
          >
            €
            300
          </b>
          <span
            className="place-card__price-text"
          >
            / night
          </span>
        </div>
        <button
          className="place-card__bookmark-button button place-card__bookmark-button--active"
          type="button"
        >
          <svg
            className="place-card__bookmark-icon"
            height="19"
            width="18"
          >
            <use
              xlinkHref="#icon-bookmark"
            />
          </svg>
          <span
            className="visually-hidden"
          >
            To bookmarks
          </span>
        </button>
      </div>
      <div
        className="place-card__rating rating"
      >
        <div
          className="place-card__stars rating__stars"
        >
          <span
            style={
              Object {
                "width": "80%",
              }
            }
          />
          <span
            className="visually-hidden"
          >
            Rating
          </span>
        </div>
      </div>
      <h2
        className="place-card__name"
      >
        <a
          href="#"
          onClick={[Function]}
        >
          Beautiful & luxurious studio at great location - 5
        </a>
      </h2>
      <p
        className="place-card__type"
      >
        apartment
      </p>
    </div>
  </article>
  <article
    className="cities__place-card place-card"
    onMouseEnter={[Function]}
    onMouseLeave={[Function]}
  >
    
    <div
      className="cities__place-card__image-wrapper place-card__image-wrapper"
    >
      <a
        href="#"
      >
        <img
          alt="Hotel Düsseldorf City by Tulip Inn"
          className="place-card__image"
          height="200"
          src="img/apartment-02.jpg"
          width="260"
        />
      </a>
    </div>
    <div
      className="place-card__info"
    >
      <div
        className="place-card__price-wrapper"
      >
        <div
          className="place-card__price"
        >
          <b
            className="place-card__price-value"
          >
            €
            160
          </b>
          <span
            className="place-card__price-text"
          >
            / night
          </span>
        </div>
        <button
          className="place-card__bookmark-button button "
          type="button"
        >
          <svg
            className="place-card__bookmark-icon"
            height="19"
            width="18"
          >
            <use
              xlinkHref="#icon-bookmark"
            />
          </svg>
          <span
            className="visually-hidden"
          >
            To bookmarks
          </span>
        </button>
      </div>
      <div
        className="place-card__rating rating"
      >
        <div
          className="place-card__stars rating__stars"
        >
          <span
            style={
              Object {
                "width": "80%",
              }
            }
          />
          <span
            className="visually-hidden"
          >
            Rating
          </span>
        </div>
      </div>
      <h2
        className="place-card__name"
      >
        <a
          href="#"
          onClick={[Function]}
        >
          Hotel Düsseldorf City by Tulip Inn
        </a>
      </h2>
      <p
        className="place-card__type"
      >
        Apartment
      </p>
    </div>
  </article>
</div>
`;
