// Jest Snapshot v1, https://goo.gl/fbAQLP

exports[`Should render <OfferCad/> 1`] = `
<article
  className="cities__place-card place-card"
  onMouseEnter={[Function]}
  onMouseLeave={[Function]}
>
  
  <div
    className="cities__place-card__image-wrapper place-card__image-wrapper"
  >
    <a
      href="#"
    >
      <img
        alt="Beautiful & luxurious studio at great location - 1"
        className="place-card__image"
        height="200"
        src="img/apartment-02.jpg"
        width="260"
      />
    </a>
  </div>
  <div
    className="place-card__info"
  >
    <div
      className="place-card__price-wrapper"
    >
      <div
        className="place-card__price"
      >
        <b
          className="place-card__price-value"
        >
          €
          120
        </b>
        <span
          className="place-card__price-text"
        >
          / night
        </span>
      </div>
      <button
        className="place-card__bookmark-button button "
        type="button"
      >
        <svg
          className="place-card__bookmark-icon"
          height="19"
          width="18"
        >
          <use
            xlinkHref="#icon-bookmark"
          />
        </svg>
        <span
          className="visually-hidden"
        >
          To bookmarks
        </span>
      </button>
    </div>
    <div
      className="place-card__rating rating"
    >
      <div
        className="place-card__stars rating__stars"
      >
        <span
          style={
            Object {
              "width": "96%",
            }
          }
        />
        <span
          className="visually-hidden"
        >
          Rating
        </span>
      </div>
    </div>
    <h2
      className="place-card__name"
    >
      <a
        href="#"
        onClick={[Function]}
      >
        Beautiful & luxurious studio at great location - 1
      </a>
    </h2>
    <p
      className="place-card__type"
    >
      apartment
    </p>
  </div>
</article>
`;
