// Jest Snapshot v1, https://goo.gl/fbAQLP

exports[`Should render <DetailsInfoAboutOffer/> 1`] = `
<div
  className="page"
>
  <header
    className="header"
  >
    <div
      className="container"
    >
      <div
        className="header__wrapper"
      >
        <div
          className="header__left"
        >
          <a
            className="header__logo-link"
            href="main.html"
          >
            <img
              alt="6 cities logo"
              className="header__logo"
              height="41"
              src="img/logo.svg"
              width="81"
            />
          </a>
        </div>
        <nav
          className="header__nav"
        >
          <ul
            className="header__nav-list"
          >
            <li
              className="header__nav-item user"
            >
              <a
                className="header__nav-link header__nav-link--profile"
                href="#"
              >
                <div
                  className="header__avatar-wrapper user__avatar-wrapper"
                />
                <span
                  className="header__user-name user__name"
                >
                  Oliver.conner@gmail.com
                </span>
              </a>
            </li>
          </ul>
        </nav>
      </div>
    </div>
  </header>
  <main
    className="page__main page__main--property"
  >
    <section
      className="property"
    >
      <div
        className="property__gallery-container container"
      >
        <div
          className="property__gallery"
        >
          <div
            className="property__image-wrapper"
          >
            <img
              alt="Photo studio"
              className="property__image"
              src="img/room.jpg"
            />
          </div>
          <div
            className="property__image-wrapper"
          >
            <img
              alt="Photo studio"
              className="property__image"
              src="img/apartment-02.jpg"
            />
          </div>
          <div
            className="property__image-wrapper"
          >
            <img
              alt="Photo studio"
              className="property__image"
              src="img/apartment-03.jpg"
            />
          </div>
          <div
            className="property__image-wrapper"
          >
            <img
              alt="Photo studio"
              className="property__image"
              src="img/apartment-01.jpg"
            />
          </div>
          <div
            className="property__image-wrapper"
          >
            <img
              alt="Photo studio"
              className="property__image"
              src="img/apartment-01.jpg"
            />
          </div>
        </div>
      </div>
      <div
        className="property__container container"
      >
        <div
          className="property__wrapper"
        >
          
          <div
            className="property__name-wrapper"
          >
            <h1
              className="property__name"
            >
              Beautiful & luxurious studio at great location - 1
            </h1>
            <button
              className="property__bookmark-button button "
              type="button"
            >
              <svg
                className="property__bookmark-icon"
                height="33"
                width="31"
              >
                <use
                  xlinkHref="#icon-bookmark"
                />
              </svg>
              <span
                className="visually-hidden"
              >
                To bookmarks
              </span>
            </button>
          </div>
          <div
            className="property__rating rating"
          >
            <div
              className="property__stars rating__stars"
            >
              <span
                style={
                  Object {
                    "width": "96%",
                  }
                }
              />
              <span
                className="visually-hidden"
              >
                Rating
              </span>
            </div>
            <span
              className="property__rating-value rating__value"
            >
              4.8
            </span>
          </div>
          <ul
            className="property__features"
          >
            <li
              className="property__feature property__feature--entire"
            >
              apartment
            </li>
            <li
              className="property__feature property__feature--bedrooms"
            >
              3
               Bedrooms
            </li>
            <li
              className="property__feature property__feature--adults"
            >
              Max 
              4
               adults
            </li>
          </ul>
          <div
            className="property__price"
          >
            <b
              className="property__price-value"
            >
              €
              120
            </b>
            <span
              className="property__price-text"
            >
               night
            </span>
          </div>
          <div
            className="property__inside"
          >
            <h2
              className="property__inside-title"
            >
              What’s inside
            </h2>
            <ul
              className="property__inside-list"
            >
              <li
                className="property__inside-item"
              >
                good
              </li>
              <li
                className="property__inside-item"
              >
                good
              </li>
              <li
                className="property__inside-item"
              >
                good
              </li>
              <li
                className="property__inside-item"
              >
                good
              </li>
              <li
                className="property__inside-item"
              >
                good
              </li>
              <li
                className="property__inside-item"
              >
                good
              </li>
            </ul>
          </div>
          <div
            className="property__host"
          >
            <h2
              className="property__host-title"
            >
              Meet the host
            </h2>
            <div
              className="property__host-user user"
            >
              <div
                className="property__avatar-wrapper property__avatar-wrapper--pro user__avatar-wrapper"
              >
                <img
                  alt="Host avatar"
                  className="property__avatar user__avatar"
                  height="74"
                  src="img/avatar-angelina.jpg"
                  width="74"
                />
              </div>
              <span
                className="property__user-name"
              >
                Angelina
              </span>
            </div>
            <div
              className="property__description"
            >
              <p
                className="property__text"
              >
                A quiet cozy and picturesque that hides behind a a river by the unique lightness of Amsterdam.
              </p>
            </div>
          </div>
          <section
            className="property__reviews reviews"
          >
            <h2
              className="reviews__title"
            >
              Reviews · 
              <span
                className="reviews__amount"
              >
                5
              </span>
            </h2>
            <ul
              className="reviews__list"
            >
              <li
                className="reviews__item"
              >
                <div
                  className="reviews__user user"
                >
                  <div
                    className="reviews__avatar-wrapper user__avatar-wrapper"
                  >
                    <img
                      alt="Reviews avatar"
                      className="reviews__avatar user__avatar"
                      height="54"
                      src="img/avatar-max.jpg"
                      width="54"
                    />
                  </div>
                  <span
                    className="reviews__user-name"
                  >
                    Angelina
                  </span>
                </div>
                <div
                  className="reviews__info"
                >
                  <div
                    className="reviews__rating rating"
                  >
                    <div
                      className="reviews__stars rating__stars"
                    >
                      <span
                        style={
                          Object {
                            "width": "100%",
                          }
                        }
                      />
                      <span
                        className="visually-hidden"
                      >
                        5
                      </span>
                    </div>
                  </div>
                  <p
                    className="reviews__text"
                  >
                    A quiet cozy and picturesque that hides behind a a river by the unique lightness of Amsterdam.
                  </p>
                  <time
                    className="reviews__time"
                    dateTime="2019-09-08"
                  >
                    October 8 2019
                  </time>
                </div>
              </li>
              <li
                className="reviews__item"
              >
                <div
                  className="reviews__user user"
                >
                  <div
                    className="reviews__avatar-wrapper user__avatar-wrapper"
                  >
                    <img
                      alt="Reviews avatar"
                      className="reviews__avatar user__avatar"
                      height="54"
                      src="img/avatar-max.jpg"
                      width="54"
                    />
                  </div>
                  <span
                    className="reviews__user-name"
                  >
                    Max
                  </span>
                </div>
                <div
                  className="reviews__info"
                >
                  <div
                    className="reviews__rating rating"
                  >
                    <div
                      className="reviews__stars rating__stars"
                    >
                      <span
                        style={
                          Object {
                            "width": "40%",
                          }
                        }
                      />
                      <span
                        className="visually-hidden"
                      >
                        2
                      </span>
                    </div>
                  </div>
                  <p
                    className="reviews__text"
                  >
                    A quiet cozy and picturesque that hides behind a a river by the unique lightness of Amsterdam.
                  </p>
                  <time
                    className="reviews__time"
                    dateTime="2019-09-08"
                  >
                    October 8 2019
                  </time>
                </div>
              </li>
              <li
                className="reviews__item"
              >
                <div
                  className="reviews__user user"
                >
                  <div
                    className="reviews__avatar-wrapper user__avatar-wrapper"
                  >
                    <img
                      alt="Reviews avatar"
                      className="reviews__avatar user__avatar"
                      height="54"
                      src="img/avatar-max.jpg"
                      width="54"
                    />
                  </div>
                  <span
                    className="reviews__user-name"
                  >
                    Max
                  </span>
                </div>
                <div
                  className="reviews__info"
                >
                  <div
                    className="reviews__rating rating"
                  >
                    <div
                      className="reviews__stars rating__stars"
                    >
                      <span
                        style={
                          Object {
                            "width": "20%",
                          }
                        }
                      />
                      <span
                        className="visually-hidden"
                      >
                        1
                      </span>
                    </div>
                  </div>
                  <p
                    className="reviews__text"
                  >
                    A quiet cozy and picturesque that hides behind a a river by the unique lightness of Amsterdam.
                  </p>
                  <time
                    className="reviews__time"
                    dateTime="2019-08-08"
                  >
                    September 8 2019
                  </time>
                </div>
              </li>
              <li
                className="reviews__item"
              >
                <div
                  className="reviews__user user"
                >
                  <div
                    className="reviews__avatar-wrapper user__avatar-wrapper"
                  >
                    <img
                      alt="Reviews avatar"
                      className="reviews__avatar user__avatar"
                      height="54"
                      src="img/avatar-angelina.jpg"
                      width="54"
                    />
                  </div>
                  <span
                    className="reviews__user-name"
                  >
                    Angelina
                  </span>
                </div>
                <div
                  className="reviews__info"
                >
                  <div
                    className="reviews__rating rating"
                  >
                    <div
                      className="reviews__stars rating__stars"
                    >
                      <span
                        style={
                          Object {
                            "width": "100%",
                          }
                        }
                      />
                      <span
                        className="visually-hidden"
                      >
                        5
                      </span>
                    </div>
                  </div>
                  <p
                    className="reviews__text"
                  >
                    A quiet cozy and picturesque that hides behind a a river by the unique lightness of Amsterdam.
                  </p>
                  <time
                    className="reviews__time"
                    dateTime="2019-05-08"
                  >
                    June 8 2019
                  </time>
                </div>
              </li>
              <li
                className="reviews__item"
              >
                <div
                  className="reviews__user user"
                >
                  <div
                    className="reviews__avatar-wrapper user__avatar-wrapper"
                  >
                    <img
                      alt="Reviews avatar"
                      className="reviews__avatar user__avatar"
                      height="54"
                      src="img/avatar-max.jpg"
                      width="54"
                    />
                  </div>
                  <span
                    className="reviews__user-name"
                  >
                    Max
                  </span>
                </div>
                <div
                  className="reviews__info"
                >
                  <div
                    className="reviews__rating rating"
                  >
                    <div
                      className="reviews__stars rating__stars"
                    >
                      <span
                        style={
                          Object {
                            "width": "80%",
                          }
                        }
                      />
                      <span
                        className="visually-hidden"
                      >
                        4
                      </span>
                    </div>
                  </div>
                  <p
                    className="reviews__text"
                  >
                    A quiet cozy and picturesque that hides behind a a river by the unique lightness of Amsterdam.
                  </p>
                  <time
                    className="reviews__time"
                    dateTime="2019-04-08"
                  >
                    May 8 2019
                  </time>
                </div>
              </li>
            </ul>
          </section>
        </div>
      </div>
      <section
        className="property__map map"
      >
        <div
          className="map__content"
          id="map"
        />
      </section>
    </section>
    <div
      className="container"
    >
      <section
        className="near-places places"
      >
        <h2
          className="near-places__title"
        >
          Other places in the neighbourhood
        </h2>
        <div
          className="near-places__list places__list"
        >
          <article
            className="near-places__card place-card"
            onMouseOver={[Function]}
          >
            <div
              className="place-card__mark"
            >
              <span>
                Premium
              </span>
            </div>
            <div
              className="near-places__card__image-wrapper place-card__image-wrapper"
            >
              <a
                href="#"
              >
                <img
                  alt="Beautiful & luxurious apartment at great location"
                  className="place-card__image"
                  height="200"
                  src="img/apartment-01.jpg"
                  width="260"
                />
              </a>
            </div>
            <div
              className="place-card__info"
            >
              <div
                className="place-card__price-wrapper"
              >
                <div
                  className="place-card__price"
                >
                  <b
                    className="place-card__price-value"
                  >
                    €
                    100
                  </b>
                  <span
                    className="place-card__price-text"
                  >
                    / night
                  </span>
                </div>
                <button
                  className="place-card__bookmark-button button place-card__bookmark-button--active"
                  type="button"
                >
                  <svg
                    className="place-card__bookmark-icon"
                    height="19"
                    width="18"
                  >
                    <use
                      xlinkHref="#icon-bookmark"
                    />
                  </svg>
                  <span
                    className="visually-hidden"
                  >
                    To bookmarks
                  </span>
                </button>
              </div>
              <div
                className="place-card__rating rating"
              >
                <div
                  className="place-card__stars rating__stars"
                >
                  <span
                    style={
                      Object {
                        "width": "0%",
                      }
                    }
                  />
                  <span
                    className="visually-hidden"
                  >
                    Rating
                  </span>
                </div>
              </div>
              <h2
                className="place-card__name"
              >
                <a
                  href="#"
                  onClick={[Function]}
                >
                  Beautiful & luxurious apartment at great location
                </a>
              </h2>
              <p
                className="place-card__type"
              >
                Private room
              </p>
            </div>
          </article>
          <article
            className="near-places__card place-card"
            onMouseOver={[Function]}
          >
            <div
              className="place-card__mark"
            >
              <span>
                Premium
              </span>
            </div>
            <div
              className="near-places__card__image-wrapper place-card__image-wrapper"
            >
              <a
                href="#"
              >
                <img
                  alt="Wood and stone place"
                  className="place-card__image"
                  height="200"
                  src="img/apartment-02.jpg"
                  width="260"
                />
              </a>
            </div>
            <div
              className="place-card__info"
            >
              <div
                className="place-card__price-wrapper"
              >
                <div
                  className="place-card__price"
                >
                  <b
                    className="place-card__price-value"
                  >
                    €
                    238
                  </b>
                  <span
                    className="place-card__price-text"
                  >
                    / night
                  </span>
                </div>
                <button
                  className="place-card__bookmark-button button "
                  type="button"
                >
                  <svg
                    className="place-card__bookmark-icon"
                    height="19"
                    width="18"
                  >
                    <use
                      xlinkHref="#icon-bookmark"
                    />
                  </svg>
                  <span
                    className="visually-hidden"
                  >
                    To bookmarks
                  </span>
                </button>
              </div>
              <div
                className="place-card__rating rating"
              >
                <div
                  className="place-card__stars rating__stars"
                >
                  <span
                    style={
                      Object {
                        "width": "20%",
                      }
                    }
                  />
                  <span
                    className="visually-hidden"
                  >
                    Rating
                  </span>
                </div>
              </div>
              <h2
                className="place-card__name"
              >
                <a
                  href="#"
                  onClick={[Function]}
                >
                  Wood and stone place
                </a>
              </h2>
              <p
                className="place-card__type"
              >
                Private room
              </p>
            </div>
          </article>
          <article
            className="near-places__card place-card"
            onMouseOver={[Function]}
          >
            <div
              className="place-card__mark"
            >
              <span>
                Premium
              </span>
            </div>
            <div
              className="near-places__card__image-wrapper place-card__image-wrapper"
            >
              <a
                href="#"
              >
                <img
                  alt="Canal View Prinsengracht"
                  className="place-card__image"
                  height="200"
                  src="img/apartment-02.jpg"
                  width="260"
                />
              </a>
            </div>
            <div
              className="place-card__info"
            >
              <div
                className="place-card__price-wrapper"
              >
                <div
                  className="place-card__price"
                >
                  <b
                    className="place-card__price-value"
                  >
                    €
                    375
                  </b>
                  <span
                    className="place-card__price-text"
                  >
                    / night
                  </span>
                </div>
                <button
                  className="place-card__bookmark-button button place-card__bookmark-button--active"
                  type="button"
                >
                  <svg
                    className="place-card__bookmark-icon"
                    height="19"
                    width="18"
                  >
                    <use
                      xlinkHref="#icon-bookmark"
                    />
                  </svg>
                  <span
                    className="visually-hidden"
                  >
                    To bookmarks
                  </span>
                </button>
              </div>
              <div
                className="place-card__rating rating"
              >
                <div
                  className="place-card__stars rating__stars"
                >
                  <span
                    style={
                      Object {
                        "width": "20%",
                      }
                    }
                  />
                  <span
                    className="visually-hidden"
                  >
                    Rating
                  </span>
                </div>
              </div>
              <h2
                className="place-card__name"
              >
                <a
                  href="#"
                  onClick={[Function]}
                >
                  Canal View Prinsengracht
                </a>
              </h2>
              <p
                className="place-card__type"
              >
                Apartment
              </p>
            </div>
          </article>
        </div>
      </section>
    </div>
  </main>
</div>
`;
