// Jest Snapshot v1, https://goo.gl/fbAQLP

exports[`should render <MapNeighbourhood/> 1`] = `
<section
  className="property__map map"
  id="map"
/>
`;
